\BOOKMARK [1][-]{section.2}{\376\377\000I\000n\000t\000r\000o\000d\000u\000c\000t\000i\000o\000n}{}% 1
\BOOKMARK [1][-]{section.3}{\376\377\000L\000i\000t\000e\000r\000a\000t\000u\000r\000e\000\040\000R\000e\000v\000i\000e\000w}{}% 2
\BOOKMARK [2][-]{subsection.4}{\376\377\000T\000h\000e\000\040\000I\000n\000t\000e\000g\000r\000a\000t\000e\000d\000\040\000P\000o\000l\000i\000c\000y\000\040\000F\000r\000a\000m\000e\000w\000o\000r\000k}{section.3}% 3
\BOOKMARK [2][-]{subsection.5}{\376\377\000O\000p\000e\000n\000\040\000E\000c\000o\000n\000o\000m\000y\000\040\000D\000S\000G\000E\000\040\000M\000o\000d\000e\000l\000s}{section.3}% 4
\BOOKMARK [2][-]{subsection.6}{\376\377\000N\000o\000m\000i\000n\000a\000l\000\040\000R\000i\000g\000i\000d\000i\000t\000i\000e\000s\000\040\000a\000n\000d\000\040\000P\000r\000i\000c\000e\000\040\000S\000e\000t\000t\000i\000n\000g}{section.3}% 5
\BOOKMARK [2][-]{subsection.7}{\376\377\000N\000u\000m\000e\000r\000i\000c\000a\000l\000\040\000S\000o\000l\000u\000t\000i\000o\000n\000\040\000M\000e\000t\000h\000o\000d\000s}{section.3}% 6
\BOOKMARK [2][-]{subsection.8}{\376\377\000C\000o\000n\000t\000r\000i\000b\000u\000t\000i\000o\000n}{section.3}% 7
\BOOKMARK [1][-]{section.9}{\376\377\000M\000o\000d\000e\000l}{}% 8
\BOOKMARK [2][-]{subsection.10}{\376\377\000H\000o\000u\000s\000e\000h\000o\000l\000d\000s}{section.9}% 9
\BOOKMARK [2][-]{subsection.16}{\376\377\000L\000a\000b\000o\000r\000\040\000M\000a\000r\000k\000e\000t\000s\000\040\000a\000n\000d\000\040\000W\000a\000g\000e\000\040\000S\000e\000t\000t\000i\000n\000g}{section.9}% 10
\BOOKMARK [2][-]{subsection.25}{\376\377\000D\000o\000m\000e\000s\000t\000i\000c\000\040\000G\000o\000o\000d\000s\000\040\000P\000r\000o\000d\000u\000c\000t\000i\000o\000n\000\040\000a\000n\000d\000\040\000P\000r\000i\000c\000i\000n\000g}{section.9}% 11
\BOOKMARK [2][-]{subsection.41}{\376\377\000I\000m\000p\000o\000r\000t\000\040\000P\000r\000i\000c\000i\000n\000g}{section.9}% 12
\BOOKMARK [2][-]{subsection.51}{\376\377\000C\000E\000S\000\040\000A\000g\000g\000r\000e\000g\000a\000t\000i\000o\000n\000\040\000o\000f\000\040\000D\000o\000m\000e\000s\000t\000i\000c\000\040\000a\000n\000d\000\040\000I\000m\000p\000o\000r\000t\000e\000d\000\040\000G\000o\000o\000d\000s}{section.9}% 13
\BOOKMARK [2][-]{subsection.65}{\376\377\000I\000n\000t\000e\000r\000n\000a\000t\000i\000o\000n\000a\000l\000\040\000L\000i\000n\000k\000a\000g\000e\000s\000\040\000a\000n\000d\000\040\000U\000n\000c\000o\000v\000e\000r\000e\000d\000\040\000I\000n\000t\000e\000r\000e\000s\000t\000\040\000P\000a\000r\000i\000t\000y}{section.9}% 14
\BOOKMARK [2][-]{subsection.77}{\376\377\000D\000e\000b\000t\000\040\000L\000i\000m\000i\000t\000\040\000C\000o\000n\000s\000t\000r\000a\000i\000n\000t}{section.9}% 15
\BOOKMARK [2][-]{subsection.86}{\376\377\000M\000o\000n\000e\000t\000a\000r\000y\000\040\000P\000o\000l\000i\000c\000y\000\040\000a\000n\000d\000\040\000I\000n\000f\000l\000a\000t\000i\000o\000n}{section.9}% 16
\BOOKMARK [2][-]{subsection.91}{\376\377\000P\000o\000t\000e\000n\000t\000i\000a\000l\000\040\000O\000u\000t\000p\000u\000t}{section.9}% 17
\BOOKMARK [2][-]{subsection.101}{\376\377\000S\000t\000o\000c\000h\000a\000s\000t\000i\000c\000\040\000P\000r\000o\000c\000e\000s\000s\000e\000s}{section.9}% 18
\BOOKMARK [2][-]{subsection.112}{\376\377\000C\000o\000m\000p\000l\000e\000t\000e\000\040\000S\000y\000s\000t\000e\000m}{section.9}% 19
\BOOKMARK [1][-]{section.113}{\376\377\000I\000m\000p\000l\000e\000m\000e\000n\000t\000a\000t\000i\000o\000n}{}% 20
\BOOKMARK [2][-]{subsection.114}{\376\377\000J\000u\000l\000i\000a\000/\000M\000a\000c\000r\000o\000M\000o\000d\000e\000l\000l\000i\000n\000g\000.\000j\000l\000\040\000F\000r\000a\000m\000e\000w\000o\000r\000k}{section.113}% 21
\BOOKMARK [2][-]{subsection.115}{\376\377\000M\000o\000d\000e\000l\000\040\000S\000p\000e\000c\000i\000f\000i\000c\000a\000t\000i\000o\000n}{section.113}% 22
\BOOKMARK [2][-]{subsection.119}{\376\377\000K\000e\000y\000\040\000I\000m\000p\000l\000e\000m\000e\000n\000t\000a\000t\000i\000o\000n\000\040\000D\000i\000f\000f\000e\000r\000e\000n\000c\000e\000s\000\040\000f\000r\000o\000m\000\040\000O\000r\000i\000g\000i\000n\000a\000l\000\040\000Q\000M\000I\000P\000F}{section.113}% 23
\BOOKMARK [3][-]{subsubsection.120}{\376\377\000C\000a\000l\000v\000o\000\040\000S\000t\000i\000c\000k\000i\000n\000e\000s\000s\000\040\000P\000a\000r\000a\000m\000e\000t\000e\000r\000s}{subsection.119}% 24
\BOOKMARK [3][-]{subsubsection.121}{\376\377\000S\000i\000m\000p\000l\000i\000f\000i\000e\000d\000\040\000N\000F\000A\000\040\000D\000y\000n\000a\000m\000i\000c\000s}{subsection.119}% 25
\BOOKMARK [3][-]{subsubsection.122}{\376\377\000U\000I\000P\000\040\000F\000o\000r\000m\000u\000l\000a\000t\000i\000o\000n}{subsection.119}% 26
\BOOKMARK [3][-]{subsubsection.123}{\376\377\000C\000u\000r\000r\000e\000n\000t\000\040\000L\000i\000m\000i\000t\000a\000t\000i\000o\000n\000s\000\040\000a\000n\000d\000\040\000F\000e\000a\000t\000u\000r\000e\000s\000\040\000N\000o\000t\000\040\000Y\000e\000t\000\040\000I\000m\000p\000l\000e\000m\000e\000n\000t\000e\000d}{subsection.119}% 27
\BOOKMARK [2][-]{subsection.127}{\376\377\000S\000t\000e\000a\000d\000y\000\040\000S\000t\000a\000t\000e\000\040\000C\000o\000m\000p\000u\000t\000a\000t\000i\000o\000n}{section.113}% 28
\BOOKMARK [2][-]{subsection.130}{\376\377\000P\000a\000r\000a\000m\000e\000t\000e\000r\000\040\000C\000a\000l\000i\000b\000r\000a\000t\000i\000o\000n}{section.113}% 29
\BOOKMARK [1][-]{section.133}{\376\377\000N\000u\000m\000e\000r\000i\000c\000a\000l\000\040\000M\000e\000t\000h\000o\000d\000s}{}% 30
\BOOKMARK [2][-]{subsection.134}{\376\377\000F\000i\000r\000s\000t\000-\000O\000r\000d\000e\000r\000\040\000P\000e\000r\000t\000u\000r\000b\000a\000t\000i\000o\000n}{section.133}% 31
\BOOKMARK [2][-]{subsection.137}{\376\377\000H\000i\000g\000h\000e\000r\000-\000O\000r\000d\000e\000r\000\040\000P\000e\000r\000t\000u\000r\000b\000a\000t\000i\000o\000n}{section.133}% 32
\BOOKMARK [2][-]{subsection.143}{\376\377\000S\000t\000o\000c\000h\000a\000s\000t\000i\000c\000\040\000E\000x\000t\000e\000n\000d\000e\000d\000\040\000P\000a\000t\000h\000\040\000\050\000S\000E\000P\000\051\000\040\000A\000l\000g\000o\000r\000i\000t\000h\000m}{section.133}% 33
\BOOKMARK [3][-]{subsubsection.144}{\376\377\000A\000l\000g\000o\000r\000i\000t\000h\000m\000\040\000O\000v\000e\000r\000v\000i\000e\000w}{subsection.143}% 34
\BOOKMARK [3][-]{subsubsection.150}{\376\377\000I\000m\000p\000l\000e\000m\000e\000n\000t\000a\000t\000i\000o\000n\000\040\000f\000o\000r\000\040\000Q\000M\000I\000P\000F}{subsection.143}% 35
\BOOKMARK [3][-]{subsubsection.151}{\376\377\000S\000E\000P\000\040\000P\000a\000r\000a\000m\000e\000t\000e\000r\000\040\000S\000e\000t\000t\000i\000n\000g\000s}{subsection.143}% 36
\BOOKMARK [2][-]{subsection.152}{\376\377\000O\000c\000c\000a\000s\000i\000o\000n\000a\000l\000l\000y\000\040\000B\000i\000n\000d\000i\000n\000g\000\040\000C\000o\000n\000s\000t\000r\000a\000i\000n\000t\000s\000\040\000w\000i\000t\000h\000\040\000M\000i\000x\000e\000d\000\040\000C\000o\000m\000p\000l\000e\000m\000e\000n\000t\000a\000r\000i\000t\000y\000\040\000P\000r\000o\000b\000l\000e\000m\000s}{section.133}% 37
\BOOKMARK [3][-]{subsubsection.153}{\376\377\000T\000h\000e\000\040\000M\000C\000P\000\040\000F\000o\000r\000m\000u\000l\000a\000t\000i\000o\000n}{subsection.152}% 38
\BOOKMARK [3][-]{subsubsection.154}{\376\377\000I\000n\000t\000e\000g\000r\000a\000t\000i\000o\000n\000\040\000w\000i\000t\000h\000\040\000S\000E\000P}{subsection.152}% 39
\BOOKMARK [3][-]{subsubsection.159}{\376\377\000V\000a\000l\000i\000d\000a\000t\000i\000o\000n\000:\000\040\000R\000B\000C\000\040\000M\000o\000d\000e\000l\000\040\000w\000i\000t\000h\000\040\000I\000n\000v\000e\000s\000t\000m\000e\000n\000t\000\040\000F\000l\000o\000o\000r}{subsection.152}% 40
\BOOKMARK [3][-]{subsubsection.160}{\376\377\000A\000p\000p\000l\000i\000c\000a\000t\000i\000o\000n\000\040\000t\000o\000\040\000Q\000M\000I\000P\000F\000\040\000D\000e\000b\000t\000\040\000L\000i\000m\000i\000t}{subsection.152}% 41
\BOOKMARK [1][-]{section.161}{\376\377\000R\000e\000s\000u\000l\000t\000s}{}% 42
\BOOKMARK [2][-]{subsection.162}{\376\377\000S\000t\000e\000a\000d\000y\000\040\000S\000t\000a\000t\000e\000\040\000a\000n\000d\000\040\000E\000i\000g\000e\000n\000v\000a\000l\000u\000e\000\040\000A\000n\000a\000l\000y\000s\000i\000s}{section.161}% 43
\BOOKMARK [2][-]{subsection.165}{\376\377\000I\000m\000p\000u\000l\000s\000e\000\040\000R\000e\000s\000p\000o\000n\000s\000e\000\040\000F\000u\000n\000c\000t\000i\000o\000n\000s}{section.161}% 44
\BOOKMARK [2][-]{subsection.181}{\376\377\000S\000h\000o\000c\000k\000\040\000S\000i\000z\000e\000\040\000S\000e\000n\000s\000i\000t\000i\000v\000i\000t\000y\000:\000\040\000I\000m\000p\000a\000c\000t\000\040\000o\000f\000\040\000F\000u\000t\000u\000r\000e\000\040\000U\000n\000c\000e\000r\000t\000a\000i\000n\000t\000y}{section.161}% 45
\BOOKMARK [3][-]{subsubsection.182}{\376\377\000P\000r\000o\000d\000u\000c\000t\000i\000v\000i\000t\000y\000\040\000S\000h\000o\000c\000k\000\040\000\050\000t\000Z\000\051}{subsection.181}% 46
\BOOKMARK [3][-]{subsubsection.189}{\376\377\000R\000i\000s\000k\000\040\000P\000r\000e\000m\000i\000u\000m\000\040\000S\000h\000o\000c\000k\000\040\000\050\000t\000f\000\051}{subsection.181}% 47
\BOOKMARK [3][-]{subsubsection.196}{\376\377\000F\000o\000r\000e\000i\000g\000n\000\040\000I\000n\000t\000e\000r\000e\000s\000t\000\040\000R\000a\000t\000e\000\040\000S\000h\000o\000c\000k\000\040\000\050\000t\000i\000*\000\051}{subsection.181}% 48
\BOOKMARK [3][-]{subsubsection.203}{\376\377\000K\000e\000y\000\040\000F\000i\000n\000d\000i\000n\000g\000s\000:\000\040\000S\000h\000o\000c\000k\000\040\000S\000i\000z\000e\000\040\000S\000e\000n\000s\000i\000t\000i\000v\000i\000t\000y}{subsection.181}% 49
\BOOKMARK [2][-]{subsection.209}{\376\377\000C\000o\000m\000p\000u\000t\000a\000t\000i\000o\000n\000a\000l\000\040\000P\000e\000r\000f\000o\000r\000m\000a\000n\000c\000e}{section.161}% 50
\BOOKMARK [1][-]{section.212}{\376\377\000C\000o\000n\000c\000l\000u\000s\000i\000o\000n}{}% 51
\BOOKMARK [1][-]{appendix.218}{\376\377\000V\000a\000r\000i\000a\000b\000l\000e\000\040\000D\000e\000f\000i\000n\000i\000t\000i\000o\000n\000s}{}% 52
