\BOOKMARK [1][-]{section.1}{\376\377\000I\000n\000t\000r\000o\000d\000u\000c\000t\000i\000o\000n}{}% 1
\BOOKMARK [1][-]{section.2}{\376\377\000T\000h\000e\000\040\000I\000n\000v\000i\000s\000i\000b\000i\000l\000i\000t\000y\000\040\000P\000r\000o\000p\000e\000r\000t\000y}{}% 2
\BOOKMARK [2][-]{subsection.2.1}{\376\377\000A\000\040\000G\000e\000n\000e\000r\000a\000l\000\040\000P\000e\000r\000t\000u\000r\000b\000a\000t\000i\000o\000n\000\040\000I\000n\000v\000i\000s\000i\000b\000i\000l\000i\000t\000y\000\040\000R\000e\000s\000u\000l\000t}{section.2}% 3
\BOOKMARK [2][-]{subsection.2.2}{\376\377\000A\000n\000a\000l\000y\000t\000i\000c\000a\000l\000\040\000R\000a\000n\000k\000i\000n\000g\000\040\000o\000f\000\040\000N\000o\000n\000l\000i\000n\000e\000a\000r\000i\000t\000y\000\040\000S\000o\000u\000r\000c\000e\000s}{section.2}% 4
\BOOKMARK [1][-]{section.3}{\376\377\000M\000o\000d\000e\000l\000\040\000E\000n\000v\000i\000r\000o\000n\000m\000e\000n\000t}{}% 5
\BOOKMARK [2][-]{subsection.3.1}{\376\377\000G\000e\000n\000e\000r\000a\000l\000\040\000D\000S\000G\000E\000\040\000F\000r\000a\000m\000e\000w\000o\000r\000k}{section.3}% 6
\BOOKMARK [2][-]{subsection.3.2}{\376\377\000O\000b\000s\000e\000r\000v\000a\000t\000i\000o\000n\000\040\000E\000q\000u\000a\000t\000i\000o\000n}{section.3}% 7
\BOOKMARK [2][-]{subsection.3.3}{\376\377\000E\000s\000t\000i\000m\000a\000t\000i\000o\000n\000\040\000P\000r\000o\000b\000l\000e\000m}{section.3}% 8
\BOOKMARK [2][-]{subsection.3.4}{\376\377\000I\000l\000l\000u\000s\000t\000r\000a\000t\000i\000v\000e\000\040\000M\000o\000d\000e\000l\000s}{section.3}% 9
\BOOKMARK [1][-]{section.4}{\376\377\000N\000o\000n\000l\000i\000n\000e\000a\000r\000\040\000S\000o\000l\000u\000t\000i\000o\000n\000\040\000a\000n\000d\000\040\000S\000u\000r\000r\000o\000g\000a\000t\000e}{}% 10
\BOOKMARK [2][-]{subsection.4.1}{\376\377\000M\000u\000l\000t\000i\000-\000F\000i\000d\000e\000l\000i\000t\000y\000\040\000A\000r\000c\000h\000i\000t\000e\000c\000t\000u\000r\000e}{section.4}% 11
\BOOKMARK [2][-]{subsection.4.2}{\376\377\000S\000t\000o\000c\000h\000a\000s\000t\000i\000c\000\040\000E\000x\000t\000e\000n\000d\000e\000d\000\040\000P\000a\000t\000h\000\040\000\050\000S\000E\000P\000\051\000\040\000A\000l\000g\000o\000r\000i\000t\000h\000m}{section.4}% 12
\BOOKMARK [2][-]{subsection.4.3}{\376\377\000D\000a\000t\000a\000s\000e\000t\000\040\000G\000e\000n\000e\000r\000a\000t\000i\000o\000n\000\040\000a\000n\000d\000\040\000S\000u\000r\000r\000o\000g\000a\000t\000e\000\040\000T\000r\000a\000i\000n\000i\000n\000g}{section.4}% 13
\BOOKMARK [2][-]{subsection.4.4}{\376\377\000R\000e\000g\000i\000m\000e\000-\000S\000w\000i\000t\000c\000h\000i\000n\000g\000\040\000G\000a\000t\000e\000\040\000a\000n\000d\000\040\000I\000n\000v\000e\000r\000s\000i\000o\000n\000\040\000F\000i\000l\000t\000e\000r}{section.4}% 14
\BOOKMARK [2][-]{subsection.4.5}{\376\377\000F\000i\000l\000t\000e\000r\000-\000F\000r\000e\000e\000\040\000H\000a\000m\000i\000l\000t\000o\000n\000i\000a\000n\000\040\000M\000o\000n\000t\000e\000\040\000C\000a\000r\000l\000o}{section.4}% 15
\BOOKMARK [1][-]{section.5}{\376\377\000Q\000u\000a\000n\000t\000i\000t\000a\000t\000i\000v\000e\000\040\000D\000e\000c\000o\000m\000p\000o\000s\000i\000t\000i\000o\000n}{}% 16
\BOOKMARK [2][-]{subsection.5.1}{\376\377\000T\000h\000e\000\040\0006\0009\000\040\000P\000e\000r\000c\000e\000n\000t\000\040\000F\000i\000n\000d\000i\000n\000g}{section.5}% 17
\BOOKMARK [2][-]{subsection.5.2}{\376\377\000S\000t\000a\000t\000e\000-\000D\000e\000p\000e\000n\000d\000e\000n\000t\000\040\000I\000m\000p\000u\000l\000s\000e\000\040\000R\000e\000s\000p\000o\000n\000s\000e\000s}{section.5}% 18
\BOOKMARK [2][-]{subsection.5.3}{\376\377\000R\000O\000M\0001\000\040\000F\000o\000r\000e\000c\000a\000s\000t\000\040\000E\000r\000r\000o\000r\000s\000\040\000i\000n\000\040\000R\000e\000a\000l\000\040\000D\000a\000t\000a}{section.5}% 19
\BOOKMARK [2][-]{subsection.5.4}{\376\377\000T\000h\000e\000\040\000E\000L\000B\000\040\000a\000s\000\040\000A\000l\000t\000e\000r\000n\000a\000t\000i\000v\000e\000\040\000H\000y\000p\000o\000t\000h\000e\000s\000i\000s}{section.5}% 20
\BOOKMARK [2][-]{subsection.5.5}{\376\377\000G\000a\000l\000\355\000\040\000N\000e\000g\000a\000t\000i\000v\000e\000\040\000C\000o\000n\000t\000r\000o\000l}{section.5}% 21
\BOOKMARK [2][-]{subsection.5.6}{\376\377\000C\000o\000u\000n\000t\000e\000r\000f\000a\000c\000t\000u\000a\000l\000\040\000M\000o\000d\000e\000l\000\040\000V\000a\000r\000i\000a\000n\000t\000s}{section.5}% 22
\BOOKMARK [1][-]{section.6}{\376\377\000C\000o\000n\000s\000e\000q\000u\000e\000n\000c\000e\000s\000\040\000f\000o\000r\000\040\000I\000n\000f\000e\000r\000e\000n\000c\000e}{}% 23
\BOOKMARK [2][-]{subsection.6.1}{\376\377\0001\0008\000-\000P\000a\000r\000a\000m\000e\000t\000e\000r\000\040\000R\000e\000a\000l\000-\000D\000a\000t\000a\000\040\000E\000s\000t\000i\000m\000a\000t\000i\000o\000n}{section.6}% 24
\BOOKMARK [2][-]{subsection.6.2}{\376\377\000R\000u\000n\000t\000i\000m\000e}{section.6}% 25
\BOOKMARK [2][-]{subsection.6.3}{\376\377\000E\000x\000t\000e\000n\000d\000e\000d\000-\000S\000a\000m\000p\000l\000e\000\040\000E\000s\000t\000i\000m\000a\000t\000i\000o\000n\000\040\000T\000h\000r\000o\000u\000g\000h\000\040\0002\0000\0002\0005}{section.6}% 26
\BOOKMARK [1][-]{section.7}{\376\377\000D\000i\000s\000c\000u\000s\000s\000i\000o\000n\000\040\000a\000n\000d\000\040\000R\000o\000b\000u\000s\000t\000n\000e\000s\000s}{}% 27
\BOOKMARK [2][-]{subsection.7.1}{\376\377\000R\000o\000b\000u\000s\000t\000n\000e\000s\000s\000\040\000t\000o\000\040\000P\000r\000i\000c\000i\000n\000g\000\040\000S\000p\000e\000c\000i\000f\000i\000c\000a\000t\000i\000o\000n}{section.7}% 28
\BOOKMARK [2][-]{subsection.7.2}{\376\377\000S\000e\000n\000s\000i\000t\000i\000v\000i\000t\000y\000\040\000t\000o\000\040\000I\000n\000v\000e\000s\000t\000m\000e\000n\000t\000\040\000A\000d\000j\000u\000s\000t\000m\000e\000n\000t\000\040\000C\000o\000s\000t\000\040\000C\000u\000r\000v\000a\000t\000u\000r\000e}{section.7}% 29
\BOOKMARK [2][-]{subsection.7.3}{\376\377\000K\000n\000o\000w\000n\000\040\000L\000i\000m\000i\000t\000a\000t\000i\000o\000n\000s}{section.7}% 30
\BOOKMARK [2][-]{subsection.7.4}{\376\377\000P\000o\000l\000i\000c\000y\000\040\000I\000m\000p\000l\000i\000c\000a\000t\000i\000o\000n\000s}{section.7}% 31
\BOOKMARK [1][-]{section.8}{\376\377\000C\000o\000n\000c\000l\000u\000s\000i\000o\000n}{}% 32
\BOOKMARK [1][-]{appendix.A}{\376\377\000F\000u\000l\000l\000\040\000M\000o\000d\000e\000l\000\040\000S\000p\000e\000c\000i\000f\000i\000c\000a\000t\000i\000o\000n}{}% 33
\BOOKMARK [2][-]{subsection.A.1}{\376\377\000H\000o\000u\000s\000e\000h\000o\000l\000d\000\040\000P\000r\000o\000b\000l\000e\000m}{appendix.A}% 34
\BOOKMARK [2][-]{subsection.A.2}{\376\377\000F\000i\000r\000m\000\040\000P\000r\000o\000b\000l\000e\000m}{appendix.A}% 35
\BOOKMARK [2][-]{subsection.A.3}{\376\377\000M\000o\000n\000e\000t\000a\000r\000y\000\040\000P\000o\000l\000i\000c\000y}{appendix.A}% 36
\BOOKMARK [2][-]{subsection.A.4}{\376\377\000E\000x\000o\000g\000e\000n\000o\000u\000s\000\040\000P\000r\000o\000c\000e\000s\000s\000e\000s}{appendix.A}% 37
\BOOKMARK [2][-]{subsection.A.5}{\376\377\000M\000a\000r\000k\000e\000t\000\040\000C\000l\000e\000a\000r\000i\000n\000g}{appendix.A}% 38
\BOOKMARK [2][-]{subsection.A.6}{\376\377\000L\000o\000g\000-\000L\000i\000n\000e\000a\000r\000i\000z\000e\000d\000\040\000S\000y\000s\000t\000e\000m\000\040\000\050\000f\000o\000r\000\040\000c\000o\000m\000p\000a\000r\000i\000s\000o\000n\000\051}{appendix.A}% 39
\BOOKMARK [2][-]{subsection.A.7}{\376\377\000S\000t\000e\000a\000d\000y\000\040\000S\000t\000a\000t\000e}{appendix.A}% 40
\BOOKMARK [2][-]{subsection.A.8}{\376\377\000S\000W\0000\0007\000-\000H\000L\000T\000\040\000M\000o\000d\000e\000l\000\040\000S\000p\000e\000c\000i\000f\000i\000c\000a\000t\000i\000o\000n}{appendix.A}% 41
\BOOKMARK [1][-]{appendix.B}{\376\377\000S\000E\000P\000\040\000A\000l\000g\000o\000r\000i\000t\000h\000m\000\040\000I\000m\000p\000l\000e\000m\000e\000n\000t\000a\000t\000i\000o\000n\000\040\000D\000e\000t\000a\000i\000l\000s}{}% 42
\BOOKMARK [2][-]{subsection.B.1}{\376\377\000G\000a\000u\000s\000s\040\023\000H\000e\000r\000m\000i\000t\000e\000\040\000Q\000u\000a\000d\000r\000a\000t\000u\000r\000e\000\040\000N\000o\000d\000e\000s}{appendix.B}% 43
\BOOKMARK [2][-]{subsection.B.2}{\376\377\000S\000p\000a\000r\000s\000e\000\040\000T\000r\000e\000e\000\040\000C\000o\000n\000s\000t\000r\000u\000c\000t\000i\000o\000n}{appendix.B}% 44
\BOOKMARK [2][-]{subsection.B.3}{\376\377\000N\000e\000w\000t\000o\000n\000\040\000S\000o\000l\000v\000e\000r\000\040\000w\000i\000t\000h\000\040\000F\000i\000x\000e\000d\000\040\000I\000n\000i\000t\000i\000a\000l\000\040\000C\000o\000n\000d\000i\000t\000i\000o\000n}{appendix.B}% 45
\BOOKMARK [2][-]{subsection.B.4}{\376\377\000L\000e\000v\000e\000n\000b\000e\000r\000g\040\023\000M\000a\000r\000q\000u\000a\000r\000d\000t\000\040\000R\000e\000g\000u\000l\000a\000r\000i\000z\000a\000t\000i\000o\000n}{appendix.B}% 46
\BOOKMARK [2][-]{subsection.B.5}{\376\377\000B\000a\000c\000k\000t\000r\000a\000c\000k\000i\000n\000g\000\040\000L\000i\000n\000e\000\040\000S\000e\000a\000r\000c\000h}{appendix.B}% 47
\BOOKMARK [2][-]{subsection.B.6}{\376\377\000S\000m\000o\000o\000t\000h\000\040\000Z\000L\000B\000\040\000A\000p\000p\000r\000o\000x\000i\000m\000a\000t\000i\000o\000n}{appendix.B}% 48
\BOOKMARK [2][-]{subsection.B.7}{\376\377\000S\000E\000P\000\040\000S\000o\000l\000v\000e\000r\000\040\000P\000a\000r\000a\000m\000e\000t\000e\000r\000s}{appendix.B}% 49
\BOOKMARK [2][-]{subsection.B.8}{\376\377\000W\000a\000r\000m\000-\000S\000t\000a\000r\000t\000i\000n\000g\000\040\000I\000m\000p\000l\000e\000m\000e\000n\000t\000a\000t\000i\000o\000n}{appendix.B}% 50
\BOOKMARK [1][-]{appendix.C}{\376\377\000S\000u\000r\000r\000o\000g\000a\000t\000e\000\040\000T\000r\000a\000i\000n\000i\000n\000g\000\040\000D\000e\000t\000a\000i\000l\000s}{}% 51
\BOOKMARK [2][-]{subsection.C.1}{\376\377\000D\000a\000t\000a\000\040\000S\000t\000a\000n\000d\000a\000r\000d\000i\000z\000a\000t\000i\000o\000n}{appendix.C}% 52
\BOOKMARK [2][-]{subsection.C.2}{\376\377\000A\000r\000c\000h\000i\000t\000e\000c\000t\000u\000r\000e\000\040\000a\000n\000d\000\040\000H\000y\000p\000e\000r\000p\000a\000r\000a\000m\000e\000t\000e\000r\000s}{appendix.C}% 53
\BOOKMARK [2][-]{subsection.C.3}{\376\377\000T\000r\000a\000i\000n\000i\000n\000g\000\040\000P\000r\000o\000c\000e\000d\000u\000r\000e}{appendix.C}% 54
\BOOKMARK [2][-]{subsection.C.4}{\376\377\000L\000e\000a\000r\000n\000i\000n\000g\000\040\000R\000a\000t\000e\000\040\000S\000c\000h\000e\000d\000u\000l\000e}{appendix.C}% 55
\BOOKMARK [2][-]{subsection.C.5}{\376\377\000R\000e\000s\000N\000e\000t\000\040\000w\000i\000t\000h\000\040\000F\000i\000L\000M\000\040\000C\000o\000n\000d\000i\000t\000i\000o\000n\000i\000n\000g}{appendix.C}% 56
\BOOKMARK [2][-]{subsection.C.6}{\376\377\000T\000r\000a\000i\000n\000i\000n\000g\000\040\000M\000o\000d\000e\000s}{appendix.C}% 57
\BOOKMARK [2][-]{subsection.C.7}{\376\377\000O\000u\000t\000-\000o\000f\000-\000D\000i\000s\000t\000r\000i\000b\000u\000t\000i\000o\000n\000\040\000D\000e\000t\000e\000c\000t\000i\000o\000n}{appendix.C}% 58
\BOOKMARK [2][-]{subsection.C.8}{\376\377\000H\000y\000p\000e\000r\000p\000a\000r\000a\000m\000e\000t\000e\000r\000\040\000G\000r\000i\000d\000\040\000S\000e\000a\000r\000c\000h}{appendix.C}% 59
\BOOKMARK [1][-]{appendix.D}{\376\377\000D\000a\000t\000a\000s\000e\000t\000\040\000G\000e\000n\000e\000r\000a\000t\000i\000o\000n}{}% 60
\BOOKMARK [2][-]{subsection.D.1}{\376\377\000P\000a\000r\000a\000m\000e\000t\000e\000r\000\040\000S\000a\000m\000p\000l\000i\000n\000g}{appendix.D}% 61
\BOOKMARK [2][-]{subsection.D.2}{\376\377\000S\000h\000o\000c\000k\000\040\000G\000e\000n\000e\000r\000a\000t\000i\000o\000n}{appendix.D}% 62
\BOOKMARK [2][-]{subsection.D.3}{\376\377\000S\000E\000P\000\040\000S\000i\000m\000u\000l\000a\000t\000i\000o\000n\000\040\000a\000n\000d\000\040\000S\000a\000m\000p\000l\000e\000\040\000E\000x\000t\000r\000a\000c\000t\000i\000o\000n}{appendix.D}% 63
\BOOKMARK [2][-]{subsection.D.4}{\376\377\000D\000a\000t\000a\000\040\000A\000u\000g\000m\000e\000n\000t\000a\000t\000i\000o\000n}{appendix.D}% 64
\BOOKMARK [2][-]{subsection.D.5}{\376\377\000O\000u\000t\000p\000u\000t\000\040\000F\000o\000r\000m\000a\000t\000\040\000a\000n\000d\000\040\000C\000h\000e\000c\000k\000p\000o\000i\000n\000t\000i\000n\000g}{appendix.D}% 65
\BOOKMARK [1][-]{appendix.E}{\376\377\000I\000n\000v\000e\000r\000s\000i\000o\000n\000\040\000F\000i\000l\000t\000e\000r}{}% 66
\BOOKMARK [2][-]{subsection.E.1}{\376\377\000T\000w\000o\000-\000P\000h\000a\000s\000e\000\040\000A\000r\000c\000h\000i\000t\000e\000c\000t\000u\000r\000e}{appendix.E}% 67
\BOOKMARK [2][-]{subsection.E.2}{\376\377\000G\000a\000u\000s\000s\040\023\000N\000e\000w\000t\000o\000n\000\040\000S\000h\000o\000c\000k\000\040\000R\000e\000f\000i\000n\000e\000m\000e\000n\000t}{appendix.E}% 68
\BOOKMARK [2][-]{subsection.E.3}{\376\377\000P\000e\000r\000-\000P\000e\000r\000i\000o\000d\000\040\000L\000o\000g\000-\000L\000i\000k\000e\000l\000i\000h\000o\000o\000d}{appendix.E}% 69
\BOOKMARK [2][-]{subsection.E.4}{\376\377\000B\000a\000t\000c\000h\000\040\000N\000N\000\040\000C\000o\000r\000r\000e\000c\000t\000i\000o\000n}{appendix.E}% 70
\BOOKMARK [1][-]{appendix.F}{\376\377\000R\000e\000g\000i\000m\000e\000-\000S\000w\000i\000t\000c\000h\000i\000n\000g\000\040\000G\000a\000t\000e}{}% 71
\BOOKMARK [2][-]{subsection.F.1}{\376\377\000G\000a\000t\000e\000\040\000S\000t\000a\000t\000i\000s\000t\000i\000c\000s}{appendix.F}% 72
\BOOKMARK [2][-]{subsection.F.2}{\376\377\000G\000a\000t\000e\000\040\000C\000a\000l\000i\000b\000r\000a\000t\000i\000o\000n}{appendix.F}% 73
\BOOKMARK [2][-]{subsection.F.3}{\376\377\000H\000a\000r\000d\000\040\000a\000n\000d\000\040\000S\000o\000f\000t\000\040\000G\000a\000t\000i\000n\000g}{appendix.F}% 74
\BOOKMARK [2][-]{subsection.F.4}{\376\377\000S\000w\000i\000t\000c\000h\000e\000d\000\040\000L\000i\000k\000e\000l\000i\000h\000o\000o\000d}{appendix.F}% 75
\BOOKMARK [1][-]{appendix.G}{\376\377\000H\000M\000C\000\040\000I\000m\000p\000l\000e\000m\000e\000n\000t\000a\000t\000i\000o\000n}{}% 76
\BOOKMARK [2][-]{subsection.G.1}{\376\377\000P\000a\000r\000a\000m\000e\000t\000e\000r\000\040\000T\000r\000a\000n\000s\000f\000o\000r\000m\000s}{appendix.G}% 77
\BOOKMARK [2][-]{subsection.G.2}{\376\377\000P\000r\000i\000o\000r\000\040\000S\000p\000e\000c\000i\000f\000i\000c\000a\000t\000i\000o\000n\000s}{appendix.G}% 78
\BOOKMARK [2][-]{subsection.G.3}{\376\377\000I\000n\000i\000t\000i\000a\000l\000i\000z\000a\000t\000i\000o\000n}{appendix.G}% 79
\BOOKMARK [2][-]{subsection.G.4}{\376\377\000I\000m\000p\000l\000e\000m\000e\000n\000t\000a\000t\000i\000o\000n}{appendix.G}% 80
\BOOKMARK [2][-]{subsection.G.5}{\376\377\000G\000r\000a\000d\000i\000e\000n\000t\000\040\000C\000o\000m\000p\000u\000t\000a\000t\000i\000o\000n}{appendix.G}% 81
\BOOKMARK [2][-]{subsection.G.6}{\376\377\000N\000U\000T\000S\000\040\000T\000u\000n\000i\000n\000g}{appendix.G}% 82
\BOOKMARK [2][-]{subsection.G.7}{\376\377\000D\000i\000a\000g\000n\000o\000s\000t\000i\000c\000s}{appendix.G}% 83
\BOOKMARK [2][-]{subsection.G.8}{\376\377\000E\000n\000d\000-\000t\000o\000-\000E\000n\000d\000\040\000E\000s\000t\000i\000m\000a\000t\000i\000o\000n\000\040\000P\000i\000p\000e\000l\000i\000n\000e}{appendix.G}% 84
\BOOKMARK [1][-]{appendix.H}{\376\377\000C\000o\000m\000p\000u\000t\000a\000t\000i\000o\000n\000a\000l\000\040\000D\000e\000t\000a\000i\000l\000s}{}% 85
\BOOKMARK [2][-]{subsection.H.1}{\376\377\000H\000a\000r\000d\000w\000a\000r\000e\000\040\000a\000n\000d\000\040\000S\000o\000f\000t\000w\000a\000r\000e}{appendix.H}% 86
\BOOKMARK [2][-]{subsection.H.2}{\376\377\000R\000e\000p\000r\000o\000d\000u\000c\000i\000b\000i\000l\000i\000t\000y}{appendix.H}% 87
\BOOKMARK [2][-]{subsection.H.3}{\376\377\000B\000o\000o\000t\000s\000t\000r\000a\000p\000\040\000P\000a\000r\000t\000i\000c\000l\000e\000\040\000F\000i\000l\000t\000e\000r\000\040\000B\000e\000n\000c\000h\000m\000a\000r\000k}{appendix.H}% 88
\BOOKMARK [3][-]{subsubsection.H.3.1}{\376\377\000C\000o\000n\000d\000i\000t\000i\000o\000n\000a\000l\000l\000y\000-\000O\000p\000t\000i\000m\000a\000l\000\040\000P\000a\000r\000t\000i\000c\000l\000e\000\040\000F\000i\000l\000t\000e\000r}{subsection.H.3}% 89
\BOOKMARK [1][-]{appendix.I}{\376\377\000S\000h\000o\000c\000k\000-\000S\000c\000a\000l\000e\000\040\000C\000a\000l\000i\000b\000r\000a\000t\000i\000o\000n}{}% 90
\BOOKMARK [1][-]{appendix.J}{\376\377\000I\000d\000e\000n\000t\000i\000f\000i\000c\000a\000t\000i\000o\000n\000\040\000a\000n\000d\000\040\000A\000p\000p\000r\000o\000x\000i\000m\000a\000t\000i\000o\000n\000\040\000E\000r\000r\000o\000r}{}% 91
\BOOKMARK [1][-]{appendix.K}{\376\377\000F\000o\000r\000m\000a\000l\000\040\000C\000o\000n\000s\000i\000s\000t\000e\000n\000c\000y\000\040\000o\000f\000\040\000t\000h\000e\000\040\000S\000u\000r\000r\000o\000g\000a\000t\000e\000\040\000P\000o\000s\000t\000e\000r\000i\000o\000r}{}% 92
\BOOKMARK [2][-]{subsection.K.1}{\376\377\000S\000e\000t\000u\000p\000\040\000a\000n\000d\000\040\000A\000s\000s\000u\000m\000p\000t\000i\000o\000n\000s}{appendix.K}% 93
\BOOKMARK [2][-]{subsection.K.2}{\376\377\000P\000o\000s\000t\000e\000r\000i\000o\000r\000\040\000C\000o\000n\000s\000i\000s\000t\000e\000n\000c\000y}{appendix.K}% 94
\BOOKMARK [2][-]{subsection.K.3}{\376\377\000L\000o\000g\000-\000L\000i\000k\000e\000l\000i\000h\000o\000o\000d\000\040\000B\000i\000a\000s\000\040\000B\000o\000u\000n\000d}{appendix.K}% 95
\BOOKMARK [2][-]{subsection.K.4}{\376\377\000C\000r\000e\000d\000i\000b\000l\000e\000\040\000I\000n\000t\000e\000r\000v\000a\000l\000\040\000C\000o\000v\000e\000r\000a\000g\000e}{appendix.K}% 96
\BOOKMARK [2][-]{subsection.K.5}{\376\377\000D\000i\000s\000c\000u\000s\000s\000i\000o\000n}{appendix.K}% 97
\BOOKMARK [1][-]{appendix.L}{\376\377\000V\000a\000l\000i\000d\000a\000t\000i\000o\000n\000\040\000D\000e\000s\000i\000g\000n}{}% 98
\BOOKMARK [1][-]{appendix.M}{\376\377\000V\000a\000l\000i\000d\000a\000t\000i\000o\000n\000\040\000R\000e\000s\000u\000l\000t\000s}{}% 99
\BOOKMARK [1][-]{appendix.N}{\376\377\000M\000u\000l\000t\000i\000-\000C\000h\000a\000i\000n\000\040\000C\000o\000n\000v\000e\000r\000g\000e\000n\000c\000e\000\040\000D\000i\000a\000g\000n\000o\000s\000t\000i\000c\000s}{}% 100
\BOOKMARK [1][-]{appendix.O}{\376\377\000M\000o\000n\000t\000e\000\040\000C\000a\000r\000l\000o\000\040\000C\000o\000v\000e\000r\000a\000g\000e\000\040\000a\000t\000\040\0001\0008\000\040\000P\000a\000r\000a\000m\000e\000t\000e\000r\000s}{}% 101
\BOOKMARK [1][-]{appendix.P}{\376\377\000A\000d\000d\000i\000t\000i\000o\000n\000a\000l\000\040\000Q\000u\000a\000n\000t\000i\000t\000a\000t\000i\000v\000e\000\040\000R\000e\000s\000u\000l\000t\000s}{}% 102
\BOOKMARK [1][-]{appendix.Q}{\376\377\000A\000d\000d\000i\000t\000i\000o\000n\000a\000l\000\040\000R\000o\000b\000u\000s\000t\000n\000e\000s\000s\000\040\000C\000h\000e\000c\000k\000s}{}% 103
\BOOKMARK [2][-]{subsection.Q.1}{\376\377\000F\000u\000l\000l\000\040\0001\0008\000-\000P\000a\000r\000a\000m\000e\000t\000e\000r\000\040\000R\000e\000s\000u\000l\000t\000s}{appendix.Q}% 104
\BOOKMARK [2][-]{subsection.Q.2}{\376\377\000S\000a\000m\000p\000l\000e\000\040\000L\000e\000n\000g\000t\000h\000\040\000S\000e\000n\000s\000i\000t\000i\000v\000i\000t\000y}{appendix.Q}% 105
\BOOKMARK [2][-]{subsection.Q.3}{\376\377\000S\000u\000r\000r\000o\000g\000a\000t\000e\000\040\000A\000r\000c\000h\000i\000t\000e\000c\000t\000u\000r\000e\000\040\000C\000o\000m\000p\000a\000r\000i\000s\000o\000n}{appendix.Q}% 106
\BOOKMARK [2][-]{subsection.Q.4}{\376\377\000Z\000L\000B\000-\000B\000i\000n\000d\000i\000n\000g\000\040\000S\000u\000r\000r\000o\000g\000a\000t\000e\000\040\000P\000e\000r\000f\000o\000r\000m\000a\000n\000c\000e}{appendix.Q}% 107
\BOOKMARK [1][-]{appendix.R}{\376\377\000L\000i\000n\000e\000a\000r\000\040\000B\000a\000s\000e\000l\000i\000n\000e\000:\000\040\000C\000o\000m\000p\000a\000r\000i\000s\000o\000n\000\040\000w\000i\000t\000h\000\040\000F\000a\000r\000k\000a\000s\000\040\000a\000n\000d\000\040\000T\000a\000t\000\341\000r\000\040\000\050\0002\0000\0002\0000\000\051}{}% 108
\BOOKMARK [2][-]{subsection.R.1}{\376\377\000M\000o\000d\000e\000l\000\040\000D\000i\000f\000f\000e\000r\000e\000n\000c\000e\000s}{appendix.R}% 109
\BOOKMARK [2][-]{subsection.R.2}{\376\377\000C\000o\000m\000p\000a\000r\000i\000s\000o\000n\000\040\000w\000i\000t\000h\000\040\000F\000a\000r\000k\000a\000s\000\040\000a\000n\000d\000\040\000T\000a\000t\000\341\000r\000\040\000\050\0002\0000\0002\0000\000\051}{appendix.R}% 110
\BOOKMARK [2][-]{subsection.R.3}{\376\377\000D\000i\000s\000c\000u\000s\000s\000i\000o\000n}{appendix.R}% 111
